**********************
Windows PowerShell transcript start
Start time: 20260906004649
Username: GANGA\bhara
RunAs User: GANGA\bhara
Configuration Name: 
Machine: GANGA (Microsoft Windows NT 10.0.26200.0)
Host Application: C:\Windows\System32\WindowsPowerShell\v1.0\powershell.exe -NoProfile -ExecutionPolicy Bypass -File C:\Users\bhara\OneDrive\Desktop\Projects\CrashLens\repair-wsl.ps1
Process ID: 10500
PSVersion: 5.1.26100.9278
PSEdition: Desktop
PSCompatibleVersions: 1.0, 2.0, 3.0, 4.0, 5.0, 5.1.26100.9278
BuildVersion: 10.0.26100.9278
CLRVersion: 4.0.30319.42000
WSManStackVersion: 3.0
PSRemotingProtocolVersion: 2.3
SerializationVersion: 1.1.0.1
**********************
Transcript started, output file is C:\Users\bhara\OneDrive\Desktop\Projects\CrashLens\repair-wsl.log
Repairing 64-bit Windows Installer registration...
Repairing 32-bit Windows Installer registration...
Starting Windows Installer service...
Enabling Windows Subsystem for Linux...

Deployment Image Servicing and Management tool
Version: 10.0.26100.8972

Image Version: 10.0.26200.9278

Enabling feature(s)
[==========================100.0%==========================]
The operation completed successfully.
Enabling Virtual Machine Platform...

Deployment Image Servicing and Management tool
Version: 10.0.26100.8972

Image Version: 10.0.26200.9278

Enabling feature(s)
[==========================100.0%==========================]
The operation completed successfully.
Installing the WSL package without a Linux distribution...
wsl: WSL installation appears to be corrupted (Error code: Wsl/CallMsi/Install/REGDB_E_CLASSNOTREG).
Press any key to repair WSL, or CTRL-C to cancel.
This prompt will time out in 60 seconds.
Class not registered
Error code: Wsl/CallMsi/Install/REGDB_E_CLASSNOTREG
WSL install command exit code: -1
**********************
Windows PowerShell transcript end
End time: 20260906004857
**********************
